[     952ms] [WARNING] Mixed Content: The page at 'https://mp.weixin.qq.com/s/gZKWRqznB8sNBFf69fBIvw' was loaded over HTTPS, but requested an insecure element 'http://mmbiz.qpic.cn/mmbiz_png/hEx03cFgUsVGibnsaEib3aNlqF0tOrA2RGEmNSbia2nnohE4Tpf95UyTiaSjDVbHRfY8WNBeTuLLTaVdSckkNyEx1Q/0?wx_fmt=png'. This request was automatically upgraded to HTTPS, For more information see https://blog.chromium.org/2019/10/no-more-mixed-messages-about-https.html @ https://mp.weixin.qq.com/s/gZKWRqznB8sNBFf69fBIvw:0
[    1069ms] [WARNING] Mixed Content: The page at 'https://mp.weixin.qq.com/s/gZKWRqznB8sNBFf69fBIvw' was loaded over HTTPS, but requested an insecure element 'http://mmbiz.qpic.cn/mmbiz_png/hEx03cFgUsVGibnsaEib3aNlqF0tOrA2RGEmNSbia2nnohE4Tpf95UyTiaSjDVbHRfY8WNBeTuLLTaVdSckkNyEx1Q/0?wx_fmt=png'. This request was automatically upgraded to HTTPS, For more information see https://blog.chromium.org/2019/10/no-more-mixed-messages-about-https.html @ https://mp.weixin.qq.com/s/gZKWRqznB8sNBFf69fBIvw:4326
[    1151ms] [LOG] hasAllDataColWidth: true @ https://mp.weixin.qq.com/s/gZKWRqznB8sNBFf69fBIvw:39040
[    1151ms] [LOG] hasAllDataColWidth: false @ https://mp.weixin.qq.com/s/gZKWRqznB8sNBFf69fBIvw:39040
[    1161ms] [LOG] tingIsShow, tingHeardCnt   @ https://mp.weixin.qq.com/s/gZKWRqznB8sNBFf69fBIvw:44291
[    1165ms] [LOG] canUseStar, startPersonCnt false  @ https://mp.weixin.qq.com/s/gZKWRqznB8sNBFf69fBIvw:47730
[    1171ms] [LOG] SyntaxError: Unexpected end of JSON input
    at JSON.parse (<anonymous>)
    at __setPageContentBottomData (https://mp.weixin.qq.com/s/gZKWRqznB8sNBFf69fBIvw:49719:77)
    at https://mp.weixin.qq.com/s/gZKWRqznB8sNBFf69fBIvw:49795:5
    at https://mp.weixin.qq.com/s/gZKWRqznB8sNBFf69fBIvw:49801:3 @ https://mp.weixin.qq.com/s/gZKWRqznB8sNBFf69fBIvw:49781
[    1267ms] [LOG] dedupePromise key=getBiz:false:1 existing=undefined @ https://res.wx.qq.com/mmbizappmsg/zh_CN/htmledition/js/assets/page_utils.mumj1axn1b5f63e1.js:0
[    1270ms] [LOG] dedupePromise key=getBiz:false:1 existing=[object Promise] @ https://res.wx.qq.com/mmbizappmsg/zh_CN/htmledition/js/assets/page_utils.mumj1axn1b5f63e1.js:0
[    1270ms] [LOG] dedupePromise key=getAllBiz:false existing=undefined @ https://res.wx.qq.com/mmbizappmsg/zh_CN/htmledition/js/assets/page_utils.mumj1axn1b5f63e1.js:0
[    1270ms] [LOG] dedupePromise key=getWxInfo existing=undefined @ https://res.wx.qq.com/mmbizappmsg/zh_CN/htmledition/js/assets/page_utils.mumj1axn1b5f63e1.js:0
[    1270ms] [LOG] dedupePromise key=getBiz:false:1 existing=[object Promise] @ https://res.wx.qq.com/mmbizappmsg/zh_CN/htmledition/js/assets/page_utils.mumj1axn1b5f63e1.js:0
[    1273ms] [LOG] dedupePromise key=getBiz:false:1 existing=[object Promise] @ https://res.wx.qq.com/mmbizappmsg/zh_CN/htmledition/js/assets/page_utils.mumj1axn1b5f63e1.js:0
[    1273ms] [LOG] dedupePromise key=getAllBiz:false existing=[object Promise] @ https://res.wx.qq.com/mmbizappmsg/zh_CN/htmledition/js/assets/page_utils.mumj1axn1b5f63e1.js:0
[    1273ms] [LOG] dedupePromise key=getWxInfo existing=[object Promise] @ https://res.wx.qq.com/mmbizappmsg/zh_CN/htmledition/js/assets/page_utils.mumj1axn1b5f63e1.js:0
[    1273ms] [LOG] dedupePromise key=getBiz:false:1 existing=[object Promise] @ https://res.wx.qq.com/mmbizappmsg/zh_CN/htmledition/js/assets/page_utils.mumj1axn1b5f63e1.js:0
[    1283ms] [LOG] dedupePromise key=getBiz:false:1 existing=[object Promise] @ https://res.wx.qq.com/mmbizappmsg/zh_CN/htmledition/js/assets/page_utils.mumj1axn1b5f63e1.js:0
[    1307ms] [LOG] dedupePromise key=getBiz:false:1 existing=[object Promise] @ https://res.wx.qq.com/mmbizappmsg/zh_CN/htmledition/js/assets/page_utils.mumj1axn1b5f63e1.js:0
[    1307ms] [LOG] dedupePromise key=getAllBiz:false existing=[object Promise] @ https://res.wx.qq.com/mmbizappmsg/zh_CN/htmledition/js/assets/page_utils.mumj1axn1b5f63e1.js:0
[    1307ms] [LOG] dedupePromise key=getWxInfo existing=[object Promise] @ https://res.wx.qq.com/mmbizappmsg/zh_CN/htmledition/js/assets/page_utils.mumj1axn1b5f63e1.js:0
[    1345ms] [LOG] support wcslplayer false @ https://res.wx.qq.com/mmbizappmsg/zh_CN/htmledition/js/assets/cover_next.mumj1axncad43f52.js:0
[    1348ms] [LOG] canUseStar, startPersonCnt false <%@JsEncode($user_info.appmsg_bar_data.star_num.DATA$)%> @ https://res.wx.qq.com/mmbizappmsg/zh_CN/htmledition/js/assets/set_star.mumj1axndd8cee73.js:0
[    1364ms] [LOG] [neg-feedback] cgiDataNew.user_info.can_negative_feedback: {raw: true, normalized: true} @ https://res.wx.qq.com/mmbizappmsg/zh_CN/htmledition/js/assets/negative_feedback_relay.mumj1axnbb2c08e0.js:2
[    1364ms] [LOG] [neg-feedback] menudislike 实验值: {value: undefined, hit: false} @ https://res.wx.qq.com/mmbizappmsg/zh_CN/htmledition/js/assets/negative_feedback_relay.mumj1axnbb2c08e0.js:2
[    1364ms] [LOG] [neg-feedback] menudislike 未命中实验组 1 → 不作为，客户端菜单维持默认隐藏 @ https://res.wx.qq.com/mmbizappmsg/zh_CN/htmledition/js/assets/negative_feedback_relay.mumj1axnbb2c08e0.js:2
[    1365ms] [LOG] in white list undefined 1791373592430 @ https://res.wx.qq.com/mmbizappmsg/zh_CN/htmledition/js/assets/negative_feedback_relay.mumj1axnbb2c08e0.js:2
[    1365ms] [LOG] dedupePromise key=getBiz:false:1 existing=[object Promise] @ https://res.wx.qq.com/mmbizappmsg/zh_CN/htmledition/js/assets/page_utils.mumj1axn1b5f63e1.js:0
[    1369ms] [LOG] dedupePromise key=getBiz:false:1 existing=[object Promise] @ https://res.wx.qq.com/mmbizappmsg/zh_CN/htmledition/js/assets/page_utils.mumj1axn1b5f63e1.js:0
[    1370ms] [LOG] dedupePromise key=getBiz:false:1 existing=[object Promise] @ https://res.wx.qq.com/mmbizappmsg/zh_CN/htmledition/js/assets/page_utils.mumj1axn1b5f63e1.js:0
[    1373ms] [LOG] [Appmsg comment] start get comment data, url:/mp/appmsg_comment?action=getcomment&scene=0&appmsgid=2651783112&idx=1&__biz=MjM5NjQ5MTI5OA==&comment_id=4635851997378887685&offset=0&buffer=&limit=100&send_time=&sessionid=svr_f61e9a4962f&enterid=1791373591&top_content_id=&top_reply_id=&comment_scene=0 @ https://res.wx.qq.com/mmbizappmsg/zh_CN/htmledition/js/assets/appmsg_comment.mumj1axn12d9a516.js:4
[    1373ms] [LOG] dedupePromise key=getBiz:false:1 existing=[object Promise] @ https://res.wx.qq.com/mmbizappmsg/zh_CN/htmledition/js/assets/page_utils.mumj1axn1b5f63e1.js:0
[    1373ms] [LOG] [comment jsapi] invoke-> getUserConfig @ https://res.wx.qq.com/mmbizappmsg/zh_CN/htmledition/js/assets/appmsg_comment.mumj1axn12d9a516.js:4
[    1383ms] [LOG] dedupePromise key=getAllBiz:false existing=[object Promise] @ https://res.wx.qq.com/mmbizappmsg/zh_CN/htmledition/js/assets/page_utils.mumj1axn1b5f63e1.js:0
[    1383ms] [LOG] getIdentity========== @ https://res.wx.qq.com/mmbizappmsg/zh_CN/htmledition/js/assets/Identity.mumj1axn24dfadc7.js:2
[    1383ms] [LOG] dedupePromise key=getBiz:false:1 existing=[object Promise] @ https://res.wx.qq.com/mmbizappmsg/zh_CN/htmledition/js/assets/page_utils.mumj1axn1b5f63e1.js:0
[    1384ms] [INFO] [IndexedDBAdapter] IndexedDB initialized successfully  @ https://res.wx.qq.com/mmbizappmsg/zh_CN/htmledition/js/assets/state_sync_manager.mumj1axnc8a630bd.js:2
[    1385ms] [INFO] [图文信息] 三元组: MjM5NjQ5MTI5OA== 2651783112 1 @ https://res.wx.qq.com/mmbizappmsg/zh_CN/htmledition/js/assets/appmsg.mumj1axn725a5b97.js:8
[    1385ms] [INFO] [用户信息] 设备信息: 是否安卓 undefined 是否IOS undefined 是否秒开场景 undefined 系统版本 10_15 用户uin 0 是否小程序内打开 false @ https://res.wx.qq.com/mmbizappmsg/zh_CN/htmledition/js/assets/appmsg.mumj1axn725a5b97.js:8
[    1386ms] [LOG] wx config web compt result [wxOpen] {err_msg: handleMPPageAction:fail_webcompt unsupported} @ https://res.wx.qq.com/mmbizappmsg/zh_CN/htmledition/js/assets/page_utils.mumj1axn1b5f63e1.js:0
[    1391ms] [LOG] dedupePromise key=getBiz:false:1 existing=[object Promise] @ https://res.wx.qq.com/mmbizappmsg/zh_CN/htmledition/js/assets/page_utils.mumj1axn1b5f63e1.js:0
[    1391ms] [INFO] [(评论、点赞、赞赏) 发送请求]:  Wed Oct 07 2026 19:46:32 GMT+0800 (香港标准时间) @ https://res.wx.qq.com/mmbizappmsg/zh_CN/htmledition/js/assets/appmsgext.mumj1axn8ab6314e.js:0
[    1393ms] [LOG] dedupePromise key=getBiz:false:1 existing=[object Promise] @ https://res.wx.qq.com/mmbizappmsg/zh_CN/htmledition/js/assets/page_utils.mumj1axn1b5f63e1.js:0
[    1395ms] [LOG] ======ad fontScaleCssVars change 1 1 1 @ https://res.wx.qq.com/mmbizappmsg/zh_CN/htmledition/js/assets/a.mumj1axnf38d0501.js:0
[    1398ms] [LOG] dedupePromise key=fetchMpExt existing=undefined @ https://res.wx.qq.com/mmbizappmsg/zh_CN/htmledition/js/assets/page_utils.mumj1axn1b5f63e1.js:0
[    1399ms] [LOG] [comment jsapi] invoke-> getUserConfig @ https://res.wx.qq.com/mmbizappmsg/zh_CN/htmledition/js/assets/appmsg_comment.mumj1axn12d9a516.js:4
[    1402ms] [LOG] dedupePromise key=getBiz:false:1 existing=[object Promise] @ https://res.wx.qq.com/mmbizappmsg/zh_CN/htmledition/js/assets/page_utils.mumj1axn1b5f63e1.js:0
[    1405ms] [INFO] [广告发送请求] 是否拉取广告 0 @ https://res.wx.qq.com/mmbizappmsg/zh_CN/htmledition/js/assets/mp_async.mumj1axn03582dda.js:0
[    1405ms] [INFO] [强制广告] 是否强制去掉广告 0 @ https://res.wx.qq.com/mmbizappmsg/zh_CN/htmledition/js/assets/mp_async.mumj1axn03582dda.js:0
[    1405ms] [LOG] dedupePromise key=getBiz:false:1 existing=[object Promise] @ https://res.wx.qq.com/mmbizappmsg/zh_CN/htmledition/js/assets/page_utils.mumj1axn1b5f63e1.js:0
[    1406ms] [LOG] [PagePos] init entry @ https://res.wx.qq.com/mmbizappmsg/zh_CN/htmledition/js/assets/appmsg.mumj1axn725a5b97.js:8
[    1406ms] [LOG] [PagePos] init call @ https://res.wx.qq.com/mmbizappmsg/zh_CN/htmledition/js/assets/store.mumj1axnabe9c41a.js:0
[    1411ms] [LOG] [PagePos] commReport leaveReport addReport @ https://res.wx.qq.com/mmbizappmsg/zh_CN/htmledition/js/assets/store.mumj1axnabe9c41a.js:0
[    1415ms] [LOG] [Appmsg comment] start get comment data, url:/mp/appmsg_comment?action=getcomment&scene=0&appmsgid=2651783112&idx=1&__biz=MjM5NjQ5MTI5OA==&comment_id=4635851997378887685&offset=0&buffer=&limit=100&send_time=&sessionid=svr_f61e9a4962f&enterid=1791373591&top_content_id=&top_reply_id=&comment_scene=0 @ https://res.wx.qq.com/mmbizappmsg/zh_CN/htmledition/js/assets/appmsg_comment.mumj1axn12d9a516.js:4
[    1415ms] [LOG] dedupePromise key=getBiz:false:1 existing=[object Promise] @ https://res.wx.qq.com/mmbizappmsg/zh_CN/htmledition/js/assets/page_utils.mumj1axn1b5f63e1.js:0
[    1415ms] [LOG] dedupePromise key=getBiz:false:1 existing=[object Promise] @ https://res.wx.qq.com/mmbizappmsg/zh_CN/htmledition/js/assets/page_utils.mumj1axn1b5f63e1.js:0
[    1415ms] [LOG] dedupePromise key=getBiz:false:1 existing=[object Promise] @ https://res.wx.qq.com/mmbizappmsg/zh_CN/htmledition/js/assets/page_utils.mumj1axn1b5f63e1.js:0
[    1416ms] [WARNING] Mixed Content: The page at 'https://mp.weixin.qq.com/s/gZKWRqznB8sNBFf69fBIvw' was loaded over HTTPS, but requested an insecure element 'http://mmbiz.qpic.cn/mmbiz_png/hEx03cFgUsVGibnsaEib3aNlqF0tOrA2RGEmNSbia2nnohE4Tpf95UyTiaSjDVbHRfY8WNBeTuLLTaVdSckkNyEx1Q/300?wx_fmt=png&wxfrom=10019'. This request was automatically upgraded to HTTPS, For more information see https://blog.chromium.org/2019/10/no-more-mixed-messages-about-https.html @ https://mp.weixin.qq.com/s/gZKWRqznB8sNBFf69fBIvw:0
[    1416ms] [WARNING] Mixed Content: The page at 'https://mp.weixin.qq.com/s/gZKWRqznB8sNBFf69fBIvw' was loaded over HTTPS, but requested an insecure element 'http://mmbiz.qpic.cn/mmbiz_png/hEx03cFgUsVGibnsaEib3aNlqF0tOrA2RGEmNSbia2nnohE4Tpf95UyTiaSjDVbHRfY8WNBeTuLLTaVdSckkNyEx1Q/0?wx_fmt=png'. This request was automatically upgraded to HTTPS, For more information see https://blog.chromium.org/2019/10/no-more-mixed-messages-about-https.html @ https://mp.weixin.qq.com/s/gZKWRqznB8sNBFf69fBIvw:0
[    1416ms] [LOG] dedupePromise key=getBiz:false:1 existing=undefined @ https://res.wx.qq.com/mmbizappmsg/zh_CN/htmledition/js/assets/page_utils.mumj1axn1b5f63e1.js:0
[    1425ms] [INFO] [currentMpInfo]set url {interaction_url: , underline_url: } @ https://res.wx.qq.com/mmbizappmsg/zh_CN/htmledition/js/assets/appmsg.mumj1axn725a5b97.js:8
[    1425ms] [LOG] dedupePromise key=fetchMpExt existing=undefined @ https://res.wx.qq.com/mmbizappmsg/zh_CN/htmledition/js/assets/page_utils.mumj1axn1b5f63e1.js:0
[    1425ms] [LOG] dedupePromise key=getBiz:false:1 existing=undefined @ https://res.wx.qq.com/mmbizappmsg/zh_CN/htmledition/js/assets/page_utils.mumj1axn1b5f63e1.js:0
[    1433ms] [LOG] [comm_report] reportjson:  {bizuin: MjM5NjQ5MTI5OA==, msgid: 2651783112, idx: 1, sessionid: svr_f61e9a4962f, itemshowtype: 0} @ https://res.wx.qq.com/mmbizappmsg/zh_CN/htmledition/js/assets/page_utils.mumj1axn1b5f63e1.js:0
[    1433ms] [LOG] [comm_report] reportjson:  {bizuin: MjM5NjQ5MTI5OA==, msgid: 2651783112, idx: 1, sessionid: svr_f61e9a4962f, itemshowtype: 0} @ https://res.wx.qq.com/mmbizappmsg/zh_CN/htmledition/js/assets/page_utils.mumj1axn1b5f63e1.js:0
[    1433ms] [LOG] [comm_report] reportjson:  {bizuin: MjM5NjQ5MTI5OA==, msgid: 2651783112, idx: 1, sessionid: svr_f61e9a4962f, itemshowtype: 0} @ https://res.wx.qq.com/mmbizappmsg/zh_CN/htmledition/js/assets/page_utils.mumj1axn1b5f63e1.js:0
[    1434ms] [LOG] [comm_report] reportjson:  {bizuin: MjM5NjQ5MTI5OA==, msgid: 2651783112, idx: 1, sessionid: svr_f61e9a4962f, itemshowtype: 0} @ https://res.wx.qq.com/mmbizappmsg/zh_CN/htmledition/js/assets/page_utils.mumj1axn1b5f63e1.js:0
[    1434ms] [LOG] [reportData]:  {count: 4, reportjson0: {"bizuin":"MjM5NjQ5MTI5OA==","msgid":2651783112,"i…xptype":"","log_id":27894,"TimeStamp":1791373592}, reportjson1: {"bizuin":"MjM5NjQ5MTI5OA==","msgid":2651783112,"i…xptype":"","log_id":27894,"TimeStamp":1791373592}, reportjson2: {"bizuin":"MjM5NjQ5MTI5OA==","msgid":2651783112,"i…xptype":"","log_id":27894,"TimeStamp":1791373592}, reportjson3: {"bizuin":"MjM5NjQ5MTI5OA==","msgid":2651783112,"i…xptype":"","log_id":27894,"TimeStamp":1791373592}} @ https://res.wx.qq.com/mmbizappmsg/zh_CN/htmledition/js/assets/page_utils.mumj1axn1b5f63e1.js:0
[    1434ms] [LOG] dedupePromise key=getBiz:false:1 existing=undefined @ https://res.wx.qq.com/mmbizappmsg/zh_CN/htmledition/js/assets/page_utils.mumj1axn1b5f63e1.js:0
[    1436ms] [LOG] https://mmecoa.qpic.cn/mmecoa_gif/V95GN2mm0DxF02oh3f8zbibSWYMLCzPmVictXGk8g5HrmictaJaWtoUycOw3e8vzDmrwl1koykr9XAxhyhj4HSRibGYB51eicRKMficichkOS5bjcg/640?wx_fmt=gif&from=appmsg&tp=webp&wxfrom=10005&wx_lazy=1#imgIndex=0 img false https://mmecoa.qpic.cn/mmecoa_gif/V95GN2mm0DxF02oh3f8zbibSWYMLCzPmVictXGk8g5HrmictaJaWtoUycOw3e8vzDmrwl1koykr9XAxhyhj4HSRibGYB51eicRKMficichkOS5bjcg/640?wx_fmt=gif&from=appmsg#imgIndex=0 @ https://res.wx.qq.com/mmbizappmsg/zh_CN/htmledition/js/assets/appmsg.mumj1axn725a5b97.js:2
[    1465ms] [LOG] getRelatedArticleList undefined @ https://res.wx.qq.com/mmbizappmsg/zh_CN/htmledition/js/assets/appmsg.mumj1axn725a5b97.js:0
[    1465ms] [INFO] [StateSyncManager] State sync manager initialized successfully  @ https://res.wx.qq.com/mmbizappmsg/zh_CN/htmledition/js/assets/state_sync_manager.mumj1axnc8a630bd.js:2
[    1486ms] [LOG] [comm_report] reportjson:  {CgiPath: /mp/appmsg_comment, Action: getcomment, Query: ?action=getcomment&scene=0&appmsgid=2651783112&idx…%3D&appmsg_token=&x5=0&f=json&user_article_role=0, PostData: , Method: GET} @ https://res.wx.qq.com/mmbizappmsg/zh_CN/htmledition/js/assets/page_utils.mumj1axn1b5f63e1.js:0
[    1489ms] [LOG] [comm_report] reportjson:  {CgiPath: /mp/relatedsearchword, Action: getimagekeyword, Query: ?action=getimagekeyword&__biz=MjM5NjQ5MTI5OA==&mid…%3D&appmsg_token=&x5=0&f=json&user_article_role=0, PostData: , Method: GET} @ https://res.wx.qq.com/mmbizappmsg/zh_CN/htmledition/js/assets/page_utils.mumj1axn1b5f63e1.js:0
[    1489ms] [LOG] [comm_report] reportjson:  {CgiPath: /mp/frontendcommstore, Action: , Query: ?operate_type=GetServiceData&service_name=phPopove…%3D&appmsg_token=&x5=0&f=json&user_article_role=0, PostData: , Method: GET} @ https://res.wx.qq.com/mmbizappmsg/zh_CN/htmledition/js/assets/page_utils.mumj1axn1b5f63e1.js:0
[    1489ms] [ERROR] Unknown error happened. @ https://res.wx.qq.com/mmbizappmsg/zh_CN/htmledition/js/assets/handle_change_inter_identity.mumj1axnc6087ceb.js:7
[    1491ms] [LOG] [comm_report] reportjson:  {CgiPath: /mp/getappmsgad, Action: , Query: ?f=json&mockid=&rtx=&uin=&key=&pass_ticket=&wxtoke…%3D&appmsg_token=&x5=0&f=json&user_article_role=0, PostData: r=0.4213241910970751&appmsg_type=9&mid=2651783112&…eed_ad=0&both_ad=0&pos_type_list=&vid_list=%5B%5D, Method: POST} @ https://res.wx.qq.com/mmbizappmsg/zh_CN/htmledition/js/assets/page_utils.mumj1axn1b5f63e1.js:0
[    1491ms] [LOG] [reportData]:  {count: 4, reportjson0: {"CgiPath":"/mp/appmsg_comment","Action":"getcomme…in.qq.com","log_id":36408,"TimeStamp":1791373593}, reportjson1: {"CgiPath":"/mp/relatedsearchword","Action":"getim…in.qq.com","log_id":36408,"TimeStamp":1791373593}, reportjson2: {"CgiPath":"/mp/frontendcommstore","Action":"","Qu…in.qq.com","log_id":36408,"TimeStamp":1791373593}, reportjson3: {"CgiPath":"/mp/getappmsgad","Action":"","Query":"…in.qq.com","log_id":36408,"TimeStamp":1791373593}} @ https://res.wx.qq.com/mmbizappmsg/zh_CN/htmledition/js/assets/page_utils.mumj1axn1b5f63e1.js:0
[    1491ms] [LOG] dedupePromise key=getBiz:false:1 existing=undefined @ https://res.wx.qq.com/mmbizappmsg/zh_CN/htmledition/js/assets/page_utils.mumj1axn1b5f63e1.js:0
[    1491ms] [INFO] [广告响应请求] {base_resp: Object, ret: -3, errmsg: no session, cookie_count: 0} @ https://res.wx.qq.com/mmbizappmsg/zh_CN/htmledition/js/assets/mp_async.mumj1axn03582dda.js:0
[    1492ms] [LOG] [comm_report] reportjson:  {CgiPath: /mp/appmsg_comment, Action: getsegment, Query: ?action=getsegment&appmsgid=2651783112&idx=1&comme…%3D&appmsg_token=&x5=0&f=json&user_article_role=0, PostData: modify_detail=%5B%5D&modify_detail_new=undefined&modify_time=0&linefeed_card=, Method: POST} @ https://res.wx.qq.com/mmbizappmsg/zh_CN/htmledition/js/assets/page_utils.mumj1axn1b5f63e1.js:0
[    1492ms] [LOG] segmentlist:  {base_resp: Object, ret: -3, errmsg: no session, cookie_count: 0} @ https://res.wx.qq.com/mmbizappmsg/zh_CN/htmledition/js/assets/negative_feedback_relay.mumj1axnbb2c08e0.js:2
[    1494ms] [LOG] [comm_report] reportjson:  {CgiPath: /mp/getbizbanner, Action: , Query: ?__biz=MjM5NjQ5MTI5OA==&uin=&key=&pass_ticket=&wxt…%3D&appmsg_token=&x5=0&f=json&user_article_role=0, PostData: , Method: GET} @ https://res.wx.qq.com/mmbizappmsg/zh_CN/htmledition/js/assets/page_utils.mumj1axn1b5f63e1.js:0
[    1497ms] [LOG] [comm_report] reportjson:  {CgiPath: /mp/appmsg_comment, Action: getextracomment, Query: ?action=getextracomment&appmsgid=2651783112&idx=1&…%3D&appmsg_token=&x5=0&f=json&user_article_role=0, PostData: , Method: GET} @ https://res.wx.qq.com/mmbizappmsg/zh_CN/htmledition/js/assets/page_utils.mumj1axn1b5f63e1.js:0
[    1499ms] [LOG] [comm_report] reportjson:  {CgiPath: /mp/getainfo, Action: , Query: ?uin=&key=&pass_ticket=&wxtoken=777&devicetype=&cl…%3D&appmsg_token=&x5=0&f=json&user_article_role=0, PostData: req=%7B%22url%22%3A%5B%22https%3A%2F%2Fmp.weixin.q…e0a1aace0%26scene%3D21%23wechat_redirect%22%5D%7D, Method: POST} @ https://res.wx.qq.com/mmbizappmsg/zh_CN/htmledition/js/assets/page_utils.mumj1axn1b5f63e1.js:0
[    1499ms] [LOG] [reportData]:  {count: 4, reportjson0: {"CgiPath":"/mp/appmsg_comment","Action":"getsegme…in.qq.com","log_id":36408,"TimeStamp":1791373593}, reportjson1: {"CgiPath":"/mp/getbizbanner","Action":"","Query":…in.qq.com","log_id":36408,"TimeStamp":1791373593}, reportjson2: {"CgiPath":"/mp/appmsg_comment","Action":"getextra…in.qq.com","log_id":36408,"TimeStamp":1791373593}, reportjson3: {"CgiPath":"/mp/getainfo","Action":"","Query":"?ui…in.qq.com","log_id":36408,"TimeStamp":1791373593}} @ https://res.wx.qq.com/mmbizappmsg/zh_CN/htmledition/js/assets/page_utils.mumj1axn1b5f63e1.js:0
[    1499ms] [LOG] dedupePromise key=getBiz:false:1 existing=undefined @ https://res.wx.qq.com/mmbizappmsg/zh_CN/htmledition/js/assets/page_utils.mumj1axn1b5f63e1.js:0
[    1518ms] [LOG] [comm_report] reportjson:  {CgiPath: /mp/appmsg_comment, Action: getidentitylist, Query: ?action=getidentitylist&scene=0&register=0&uin=&ke…%3D&appmsg_token=&x5=0&f=json&user_article_role=0, PostData: , Method: GET} @ https://res.wx.qq.com/mmbizappmsg/zh_CN/htmledition/js/assets/page_utils.mumj1axn1b5f63e1.js:0
[    1548ms] [LOG] [comm_report] reportjson:  {CgiPath: /mp/appmsg_comment, Action: getcomment, Query: ?action=getcomment&scene=0&appmsgid=2651783112&idx…%3D&appmsg_token=&x5=0&f=json&user_article_role=0, PostData: , Method: GET} @ https://res.wx.qq.com/mmbizappmsg/zh_CN/htmledition/js/assets/page_utils.mumj1axn1b5f63e1.js:0
[    1611ms] [LOG] OpenSDK Frame loaded, build time: 2026-6-25 17:57 @ https://open.weixin.qq.com/pcopensdk/frame:1
[    1617ms] [WARNING] <meta name="apple-mobile-web-app-capable" content="yes"> is deprecated. Please include <meta name="mobile-web-app-capable" content="yes"> @ https://mp.weixin.qq.com/s/gZKWRqznB8sNBFf69fBIvw:0
[    1661ms] [LOG] [comm_report] reportjson:  {CgiPath: /mp/getappmsgext, Action: , Query: ?f=json&mock=&uin=&key=&pass_ticket=&wxtoken=777&d…%3D&appmsg_token=&x5=0&f=json&user_article_role=0, PostData: r=0.781570801115604&__biz=MjM5NjQ5MTI5OA%3D%3D&app…032030209&business_type=0&ask_use_voice_comment=0, Method: POST} @ https://res.wx.qq.com/mmbizappmsg/zh_CN/htmledition/js/assets/page_utils.mumj1axn1b5f63e1.js:0
[    1661ms] [LOG] [dislike-btn] ext-success 无 has_neg_feedback 字段，跳过同步 undefined @ https://res.wx.qq.com/mmbizappmsg/zh_CN/htmledition/js/assets/handle_change_inter_identity.mumj1axnc6087ceb.js:7
[    1661ms] [INFO] [(评论、点赞、赞赏) 响应请求]:  Wed Oct 07 2026 19:46:32 GMT+0800 (香港标准时间) {advertisement_info: Array(0), appmsg_album_extinfo: Object, appmsg_album_videos: Array(0), base_resp: Object, effective_content_last_html_node: Array(0)} @ https://res.wx.qq.com/mmbizappmsg/zh_CN/htmledition/js/assets/appmsgext.mumj1axn8ab6314e.js:0
[    1661ms] [LOG] [trigger_up_feeds] init list [] @ https://res.wx.qq.com/mmbizappmsg/zh_CN/htmledition/js/assets/appmsgext.mumj1axn8ab6314e.js:0
[    1662ms] [WARNING] window.ext_complete_success: true @ https://res.wx.qq.com/mmbizappmsg/zh_CN/htmledition/js/assets/appmsg.mumj1axn725a5b97.js:2
[    1737ms] [LOG] js content size change @ https://res.wx.qq.com/mmbizappmsg/zh_CN/htmledition/js/assets/store.mumj1axnabe9c41a.js:0
[    2000ms] [LOG] [comm_report] reportjson:  {bizuin: MjM5NjQ5MTI5OA==, appmsgid: 2651783112, itemidx: 1, scene: 0, subscene: 0} @ https://res.wx.qq.com/mmbizappmsg/zh_CN/htmledition/js/assets/page_utils.mumj1axn1b5f63e1.js:0
[    2000ms] [LOG] [reportData]:  {count: 4, reportjson0: {"CgiPath":"/mp/appmsg_comment","Action":"getident…in.qq.com","log_id":36408,"TimeStamp":1791373593}, reportjson1: {"CgiPath":"/mp/appmsg_comment","Action":"getcomme…in.qq.com","log_id":36408,"TimeStamp":1791373593}, reportjson2: {"CgiPath":"/mp/getappmsgext","Action":"","Query":…in.qq.com","log_id":36408,"TimeStamp":1791373593}, reportjson3: {"bizuin":"MjM5NjQ5MTI5OA==","appmsgid":2651783112…mgIndex=0","log_id":34384,"TimeStamp":1791373593}} @ https://res.wx.qq.com/mmbizappmsg/zh_CN/htmledition/js/assets/page_utils.mumj1axn1b5f63e1.js:0
[    2000ms] [LOG] dedupePromise key=getBiz:false:1 existing=undefined @ https://res.wx.qq.com/mmbizappmsg/zh_CN/htmledition/js/assets/page_utils.mumj1axn1b5f63e1.js:0
[    2076ms] [LOG] dedupePromise key=getBiz:false:1 existing=undefined @ https://mp.weixin.qq.com/s/gZKWRqznB8sNBFf69fBIvw:6173
[    2127ms] [LOG] dedupePromise key=getBiz:false:1 existing=undefined @ https://mp.weixin.qq.com/s/gZKWRqznB8sNBFf69fBIvw:6173
[    6618ms] [LOG] dedupePromise key=getBiz:false:1 existing=undefined @ https://res.wx.qq.com/mmbizappmsg/zh_CN/htmledition/js/assets/page_utils.mumj1axn1b5f63e1.js:0
[    6696ms] [LOG] [comm_report] reportjson:  {CgiPath: /mp/appmsgreport, Action: page_time_5s, Query: ?action=page_time_5s&__biz=MjM5NjQ5MTI5OA==&uin=&k…%3D&appmsg_token=&x5=0&f=json&user_article_role=0, PostData: report_bizuin=MjM5NjQ5MTI5OA%3D%3D&title=Agent%E8%…screen_num=1000&ad_load_exposed_screen_num=%5B%5D, Method: POST} @ https://res.wx.qq.com/mmbizappmsg/zh_CN/htmledition/js/assets/page_utils.mumj1axn1b5f63e1.js:0
[    7697ms] [LOG] [reportData]:  {count: 1, reportjson0: {"CgiPath":"/mp/appmsgreport","Action":"page_time_…in.qq.com","log_id":36408,"TimeStamp":1791373598}} @ https://res.wx.qq.com/mmbizappmsg/zh_CN/htmledition/js/assets/page_utils.mumj1axn1b5f63e1.js:0
[    7697ms] [LOG] dedupePromise key=getBiz:false:1 existing=undefined @ https://res.wx.qq.com/mmbizappmsg/zh_CN/htmledition/js/assets/page_utils.mumj1axn1b5f63e1.js:0
[   31906ms] [ERROR] Failed to load resource: net::ERR_TIMED_OUT @ https://badjs.weixinbridge.com/frontend/reportspeed?pid=462&uin=0&rid=0&speeds=36_0:0
